[38;2;103;36;183m┌[0m[38;2;103;36;183m──────────────┬────────┬───────────────────────────────────────────────────────────────────┬────────────────[0m[38;2;103;36;183m┐[0m
[38;2;103;36;183m│[0m Name         [38;2;103;36;183m│[0m Sex    [38;2;103;36;183m│[0m Distinguishing Features                                           [38;2;103;36;183m│[0m Madness Rating [38;2;103;36;183m│[0m
[38;2;103;36;183m├[0m[38;2;103;36;183m──────────────┼────────┼───────────────────────────────────────────────────────────────────┼────────────────[0m[38;2;103;36;183m┤[0m
[38;2;103;36;183m│[0m The Joker    [38;2;103;36;183m│[0m Male   [38;2;103;36;183m│[0m Clown-like appearance, green hair, pale skin, psychopathic smile  [38;2;103;36;183m│[0m 10             [38;2;103;36;183m│[0m
[38;2;103;36;183m├[0m[38;2;103;36;183m──────────────┼────────┼───────────────────────────────────────────────────────────────────┼────────────────[0m[38;2;103;36;183m┤[0m
[38;2;103;36;183m│[0m Harley Quinn [38;2;103;36;183m│[0m Female [38;2;103;36;183m│[0m Clown-like appearance, mallet weapon, acrobatic and unpredictable [38;2;103;36;183m│[0m 9              [38;2;103;36;183m│[0m
[38;2;103;36;183m├[0m[38;2;103;36;183m──────────────┼────────┼───────────────────────────────────────────────────────────────────┼────────────────[0m[38;2;103;36;183m┤[0m
[38;2;103;36;183m│[0m Two-Face     [38;2;103;36;183m│[0m Male   [38;2;103;36;183m│[0m Half-burned face, split personality (Harvey Dent and Two-Face)    [38;2;103;36;183m│[0m 8              [38;2;103;36;183m│[0m
[38;2;103;36;183m├[0m[38;2;103;36;183m──────────────┼────────┼───────────────────────────────────────────────────────────────────┼────────────────[0m[38;2;103;36;183m┤[0m
[38;2;103;36;183m│[0m Scarecrow    [38;2;103;36;183m│[0m Male   [38;2;103;36;183m│[0m Wears a scarecrow mask, uses fear toxins to manipulate victims    [38;2;103;36;183m│[0m 8              [38;2;103;36;183m│[0m
[38;2;103;36;183m├[0m[38;2;103;36;183m──────────────┼────────┼───────────────────────────────────────────────────────────────────┼────────────────[0m[38;2;103;36;183m┤[0m
[38;2;103;36;183m│[0m Mad Hatter   [38;2;103;36;183m│[0m Male   [38;2;103;36;183m│[0m Obsession with Alice in Wonderland, mind-control technology       [38;2;103;36;183m│[0m 8              [38;2;103;36;183m│[0m
[38;2;103;36;183m├[0m[38;2;103;36;183m──────────────┼────────┼───────────────────────────────────────────────────────────────────┼────────────────[0m[38;2;103;36;183m┤[0m
[38;2;103;36;183m│[0m Riddler      [38;2;103;36;183m│[0m Male   [38;2;103;36;183m│[0m Obsession with riddles, green suit with question marks            [38;2;103;36;183m│[0m 7              [38;2;103;36;183m│[0m
[38;2;103;36;183m└[0m[38;2;103;36;183m──────────────┴────────┴───────────────────────────────────────────────────────────────────┴────────────────[0m[38;2;103;36;183m┘[0m